[2025-07-25 13:51:34,651][utils.py][line:63][INFO] Hyperparameters:
[2025-07-25 13:51:34,651][utils.py][line:65][INFO] config_path: utils/config.yaml
[2025-07-25 13:51:34,651][utils.py][line:65][INFO] batch_size: 16
[2025-07-25 13:51:34,651][utils.py][line:65][INFO] n_epochs: 20
[2025-07-25 13:51:34,652][utils.py][line:65][INFO] n_warmup_epochs: 20
[2025-07-25 13:51:34,652][utils.py][line:65][INFO] lr: 0.0001
[2025-07-25 13:51:34,652][utils.py][line:65][INFO] seed: 10
[2025-07-25 13:51:34,652][utils.py][line:65][INFO] cuda_id: 0
[2025-07-25 13:51:34,652][utils.py][line:65][INFO] num_workers: 8
[2025-07-25 13:51:34,652][utils.py][line:65][INFO] n_tasks: 9
[2025-07-25 13:51:34,652][utils.py][line:65][INFO] half_iid: 1
[2025-07-25 13:51:34,652][utils.py][line:65][INFO] data_root: data
[2025-07-25 13:51:34,652][utils.py][line:65][INFO] log_path: log/
[2025-07-25 13:51:34,652][utils.py][line:65][INFO] lgcl_enabled: True
[2025-07-25 13:51:34,652][utils.py][line:65][INFO] alpha: 0.2
[2025-07-25 13:51:34,652][utils.py][line:65][INFO] beta: 0.1
[2025-07-25 13:51:34,652][utils.py][line:65][INFO] clip_model_name: /data1/rsl/consense-0721/mmfi_short/clip-vit-base-patch32
[2025-07-25 13:51:34,652][utils.py][line:65][INFO] use_ncd: True
[2025-07-25 13:51:34,652][utils.py][line:65][INFO] use_domain_alignment: True
[2025-07-25 13:51:34,652][utils.py][line:65][INFO] domain_loss_weight: 0.1
[2025-07-25 13:51:34,652][utils.py][line:65][INFO] evaluate_domains: True
[2025-07-25 13:51:34,652][utils.py][line:65][INFO] use_domain_heads: True
[2025-07-25 13:51:34,652][utils.py][line:65][INFO] use_domain_specific_prototypes: False
[2025-07-25 13:51:34,652][utils.py][line:65][INFO] dataset: mmfi27
[2025-07-25 13:51:34,652][utils.py][line:65][INFO] class_names: ['stretching and relaxing', 'horizontal chest expansion', 'vertical chest expansion', 'twisting body to the left', 'twisting body to the right', 'marching in place', 'extending left limb', 'extending right limb', 'lunge toward left-front', 'lunge toward right-front', 'extending both limbs', 'squat', 'raising left hand', 'raising right hand', 'lunge toward left side', 'lunge toward right side', 'waving left hand', 'waving right hand', 'picking up things', 'throwing toward left side', 'throwing toward right side', 'kicking toward left side', 'kicking toward right side', 'extending left side of the body', 'extending right side of the body', 'jumping up', 'bowing']
[2025-07-25 13:51:37,771][utils.py][line:72][INFO] Model's state_dict:
[2025-07-25 13:51:37,772][utils.py][line:74][INFO] Layer: encoder_0.weight | Size: torch.Size([128, 342, 10]) | Total Parameters: 437760
[2025-07-25 13:51:37,772][utils.py][line:74][INFO] Layer: encoder_1.weight | Size: torch.Size([128, 342, 10]) | Total Parameters: 437760
[2025-07-25 13:51:37,772][utils.py][line:74][INFO] Layer: transformer.model.layers.self_attn.qkv.weight | Size: torch.Size([1026, 342]) | Total Parameters: 350892
[2025-07-25 13:51:37,772][utils.py][line:74][INFO] Layer: transformer.model.layers.self_attn.conPerfix.up.weight | Size: torch.Size([684, 256]) | Total Parameters: 175104
[2025-07-25 13:51:37,772][utils.py][line:74][INFO] Layer: transformer.model.layers.self_attn.prev_conPerfix.up.weight | Size: torch.Size([684, 256]) | Total Parameters: 175104
[2025-07-25 13:51:37,772][utils.py][line:74][INFO] Layer: feature_projection.weight | Size: torch.Size([512, 342]) | Total Parameters: 175104
[2025-07-25 13:51:37,772][utils.py][line:74][INFO] Layer: transformer.model.layers.self_attn.proj.weight | Size: torch.Size([342, 342]) | Total Parameters: 116964
[2025-07-25 13:51:37,772][utils.py][line:74][INFO] Layer: transformer.model.layers.self_attn.conPerfix.down.weight | Size: torch.Size([256, 342]) | Total Parameters: 87552
[2025-07-25 13:51:37,772][utils.py][line:74][INFO] Layer: transformer.model.layers.self_attn.prev_conPerfix.down.weight | Size: torch.Size([256, 342]) | Total Parameters: 87552
[2025-07-25 13:51:37,772][utils.py][line:74][INFO] Layer: domain_heads.0.weight | Size: torch.Size([27, 342]) | Total Parameters: 9234
[2025-07-25 13:51:37,772][utils.py][line:74][INFO] Layer: domain_heads.1.weight | Size: torch.Size([27, 342]) | Total Parameters: 9234
[2025-07-25 13:51:37,772][utils.py][line:74][INFO] Layer: domain_heads.2.weight | Size: torch.Size([27, 342]) | Total Parameters: 9234
[2025-07-25 13:51:37,772][utils.py][line:74][INFO] Layer: domain_heads.3.weight | Size: torch.Size([27, 342]) | Total Parameters: 9234
[2025-07-25 13:51:37,772][utils.py][line:74][INFO] Layer: domain_heads.4.weight | Size: torch.Size([27, 342]) | Total Parameters: 9234
[2025-07-25 13:51:37,772][utils.py][line:74][INFO] Layer: pos_encoding.embedding | Size: torch.Size([10, 342]) | Total Parameters: 3420
[2025-07-25 13:51:37,772][utils.py][line:74][INFO] Layer: transformer.model.layers.feed_forward.layer2.weight | Size: torch.Size([40, 40]) | Total Parameters: 1600
[2025-07-25 13:51:37,772][utils.py][line:74][INFO] Layer: transformer.model.layers.feed_forward.layer3.weight | Size: torch.Size([40, 40]) | Total Parameters: 1600
[2025-07-25 13:51:37,772][utils.py][line:74][INFO] Layer: transformer.model.layers.self_attn.conPerfix.up.bias | Size: torch.Size([684]) | Total Parameters: 684
[2025-07-25 13:51:37,772][utils.py][line:74][INFO] Layer: transformer.model.layers.self_attn.prev_conPerfix.up.bias | Size: torch.Size([684]) | Total Parameters: 684
[2025-07-25 13:51:37,772][utils.py][line:74][INFO] Layer: feature_projection.bias | Size: torch.Size([512]) | Total Parameters: 512
[2025-07-25 13:51:37,772][utils.py][line:74][INFO] Layer: transformer.model.layers.feed_forward.layer1.weight | Size: torch.Size([40, 10]) | Total Parameters: 400
[2025-07-25 13:51:37,772][utils.py][line:74][INFO] Layer: transformer.model.layers.feed_forward.layer4.weight | Size: torch.Size([10, 40]) | Total Parameters: 400
[2025-07-25 13:51:37,772][utils.py][line:74][INFO] Layer: transformer.model.layers.self_attn.proj.bias | Size: torch.Size([342]) | Total Parameters: 342
[2025-07-25 13:51:37,772][utils.py][line:74][INFO] Layer: transformer.model.layers.sublayer.0.norm.a_2 | Size: torch.Size([342]) | Total Parameters: 342
[2025-07-25 13:51:37,772][utils.py][line:74][INFO] Layer: transformer.model.layers.sublayer.0.norm.b_2 | Size: torch.Size([342]) | Total Parameters: 342
[2025-07-25 13:51:37,773][utils.py][line:74][INFO] Layer: transformer.model.layers.sublayer.1.norm.a_2 | Size: torch.Size([342]) | Total Parameters: 342
[2025-07-25 13:51:37,773][utils.py][line:74][INFO] Layer: transformer.model.layers.sublayer.1.norm.b_2 | Size: torch.Size([342]) | Total Parameters: 342
[2025-07-25 13:51:37,773][utils.py][line:74][INFO] Layer: transformer.model.norm.a_2 | Size: torch.Size([342]) | Total Parameters: 342
[2025-07-25 13:51:37,773][utils.py][line:74][INFO] Layer: transformer.model.norm.b_2 | Size: torch.Size([342]) | Total Parameters: 342
[2025-07-25 13:51:37,773][utils.py][line:74][INFO] Layer: transformer.model.layers.self_attn.conPerfix.down.bias | Size: torch.Size([256]) | Total Parameters: 256
[2025-07-25 13:51:37,773][utils.py][line:74][INFO] Layer: transformer.model.layers.self_attn.prev_conPerfix.down.bias | Size: torch.Size([256]) | Total Parameters: 256
[2025-07-25 13:51:37,773][utils.py][line:74][INFO] Layer: encoder_0.bias | Size: torch.Size([128]) | Total Parameters: 128
[2025-07-25 13:51:37,773][utils.py][line:74][INFO] Layer: encoder_1.bias | Size: torch.Size([128]) | Total Parameters: 128
[2025-07-25 13:51:37,773][utils.py][line:74][INFO] Layer: transformer.model.layers.feed_forward.layer1.bias | Size: torch.Size([40]) | Total Parameters: 40
[2025-07-25 13:51:37,773][utils.py][line:74][INFO] Layer: transformer.model.layers.feed_forward.layer2.bias | Size: torch.Size([40]) | Total Parameters: 40
[2025-07-25 13:51:37,773][utils.py][line:74][INFO] Layer: transformer.model.layers.feed_forward.layer3.bias | Size: torch.Size([40]) | Total Parameters: 40
[2025-07-25 13:51:37,773][utils.py][line:74][INFO] Layer: domain_heads.0.bias | Size: torch.Size([27]) | Total Parameters: 27
[2025-07-25 13:51:37,773][utils.py][line:74][INFO] Layer: domain_heads.1.bias | Size: torch.Size([27]) | Total Parameters: 27
[2025-07-25 13:51:37,773][utils.py][line:74][INFO] Layer: domain_heads.2.bias | Size: torch.Size([27]) | Total Parameters: 27
[2025-07-25 13:51:37,773][utils.py][line:74][INFO] Layer: domain_heads.3.bias | Size: torch.Size([27]) | Total Parameters: 27
[2025-07-25 13:51:37,773][utils.py][line:74][INFO] Layer: domain_heads.4.bias | Size: torch.Size([27]) | Total Parameters: 27
[2025-07-25 13:51:37,773][utils.py][line:74][INFO] Layer: transformer.model.layers.feed_forward.layer4.bias | Size: torch.Size([10]) | Total Parameters: 10
[2025-07-25 13:51:37,773][utils.py][line:74][INFO] Layer: pos_encoding.mu | Size: torch.Size([1, 10]) | Total Parameters: 10
[2025-07-25 13:51:37,773][utils.py][line:74][INFO] Layer: pos_encoding.sigma | Size: torch.Size([1, 10]) | Total Parameters: 10
[2025-07-25 13:51:37,773][utils.py][line:76][INFO] Total number of parameters: 2102709
[2025-07-25 13:51:37,774][utils.py][line:88][INFO] init model GPU Memory Allocated: 594.63 MB, Reserved: 634.00 MB, Max Allocated: 594.63 MB, Max Reserved: 634.00 MB
[2025-07-25 13:51:45,549][main.py][line:71][INFO] Prototypes computed and assigned to the model.
[2025-07-25 13:51:45,550][main.py][line:92][INFO] Task 0: Classes [0, 1, 2, 3, 4, 5, 6, 7, 8, 9, 10, 11, 12, 13, 14], New classes: [0, 1, 2, 3, 4, 5, 6, 7, 8, 9, 10, 11, 12, 13, 14]
[2025-07-25 13:51:45,550][main.py][line:94][INFO] Domain distribution: {0: [1], 1: [1], 2: [1], 3: [1], 4: [1], 5: [1], 6: [1], 7: [1], 8: [1], 9: [1], 10: [1], 11: [1], 12: [1], 13: [1], 14: [1]}
[2025-07-25 13:51:45,552][method.py][line:281][INFO] Task 0: Active domains: {1}
[2025-07-25 13:51:45,552][main.py][line:112][INFO] 
>>> Task #-3 --> Model Training
[2025-07-25 13:51:48,822][main.py][line:135][INFO] Task 0. Time 3.27
[2025-07-25 13:51:49,307][method.py][line:245][INFO] 
Accuracy:17	0	0	0	0	0	0	0	0	Avg Acc: 17.00
[2025-07-25 13:51:49,308][method.py][line:249][INFO] 
Domain-wise accuracy:
[2025-07-25 13:51:49,308][method.py][line:256][INFO] Task 0: P1:17.0% 
[2025-07-25 13:51:51,746][main.py][line:135][INFO] Task 0. Time 6.19
[2025-07-25 13:51:52,191][method.py][line:245][INFO] 
Accuracy:16	0	0	0	0	0	0	0	0	Avg Acc: 16.33
[2025-07-25 13:51:52,191][method.py][line:249][INFO] 
Domain-wise accuracy:
[2025-07-25 13:51:52,191][method.py][line:256][INFO] Task 0: P1:16.3% 
[2025-07-25 13:51:54,524][main.py][line:135][INFO] Task 0. Time 8.97
[2025-07-25 13:51:54,989][method.py][line:245][INFO] 
Accuracy:16	0	0	0	0	0	0	0	0	Avg Acc: 16.00
[2025-07-25 13:51:54,990][method.py][line:249][INFO] 
Domain-wise accuracy:
[2025-07-25 13:51:54,990][method.py][line:256][INFO] Task 0: P1:16.0% 
[2025-07-25 13:51:57,429][main.py][line:135][INFO] Task 0. Time 11.88
[2025-07-25 13:51:57,820][method.py][line:245][INFO] 
Accuracy:16	0	0	0	0	0	0	0	0	Avg Acc: 16.00
[2025-07-25 13:51:57,821][method.py][line:249][INFO] 
Domain-wise accuracy:
[2025-07-25 13:51:57,821][method.py][line:256][INFO] Task 0: P1:16.0% 
[2025-07-25 13:52:00,161][main.py][line:135][INFO] Task 0. Time 14.61
[2025-07-25 13:52:00,604][method.py][line:245][INFO] 
Accuracy:16	0	0	0	0	0	0	0	0	Avg Acc: 16.67
[2025-07-25 13:52:00,604][method.py][line:249][INFO] 
Domain-wise accuracy:
[2025-07-25 13:52:00,604][method.py][line:256][INFO] Task 0: P1:16.7% 
[2025-07-25 13:52:02,928][main.py][line:135][INFO] Task 0. Time 17.38
[2025-07-25 13:52:03,384][method.py][line:245][INFO] 
Accuracy:15	0	0	0	0	0	0	0	0	Avg Acc: 15.67
[2025-07-25 13:52:03,385][method.py][line:249][INFO] 
Domain-wise accuracy:
[2025-07-25 13:52:03,385][method.py][line:256][INFO] Task 0: P1:15.7% 
[2025-07-25 13:52:05,751][main.py][line:135][INFO] Task 0. Time 20.20
[2025-07-25 13:52:06,216][method.py][line:245][INFO] 
Accuracy:17	0	0	0	0	0	0	0	0	Avg Acc: 17.00
[2025-07-25 13:52:06,217][method.py][line:249][INFO] 
Domain-wise accuracy:
[2025-07-25 13:52:06,217][method.py][line:256][INFO] Task 0: P1:17.0% 
[2025-07-25 13:52:08,476][main.py][line:135][INFO] Task 0. Time 22.92
[2025-07-25 13:52:09,010][method.py][line:245][INFO] 
Accuracy:17	0	0	0	0	0	0	0	0	Avg Acc: 17.00
[2025-07-25 13:52:09,010][method.py][line:249][INFO] 
Domain-wise accuracy:
[2025-07-25 13:52:09,010][method.py][line:256][INFO] Task 0: P1:17.0% 
[2025-07-25 13:52:11,490][main.py][line:135][INFO] Task 0. Time 25.94
[2025-07-25 13:52:11,973][method.py][line:245][INFO] 
Accuracy:16	0	0	0	0	0	0	0	0	Avg Acc: 16.67
[2025-07-25 13:52:11,973][method.py][line:249][INFO] 
Domain-wise accuracy:
[2025-07-25 13:52:11,973][method.py][line:256][INFO] Task 0: P1:16.7% 
[2025-07-25 13:52:14,387][main.py][line:135][INFO] Task 0. Time 28.83
[2025-07-25 13:52:14,848][method.py][line:245][INFO] 
Accuracy:16	0	0	0	0	0	0	0	0	Avg Acc: 16.67
[2025-07-25 13:52:14,849][method.py][line:249][INFO] 
Domain-wise accuracy:
[2025-07-25 13:52:14,849][method.py][line:256][INFO] Task 0: P1:16.7% 
[2025-07-25 13:52:17,359][main.py][line:135][INFO] Task 0. Time 31.81
[2025-07-25 13:52:17,789][method.py][line:245][INFO] 
Accuracy:16	0	0	0	0	0	0	0	0	Avg Acc: 16.67
[2025-07-25 13:52:17,790][method.py][line:249][INFO] 
Domain-wise accuracy:
[2025-07-25 13:52:17,790][method.py][line:256][INFO] Task 0: P1:16.7% 
[2025-07-25 13:52:20,095][main.py][line:135][INFO] Task 0. Time 34.54
[2025-07-25 13:52:20,515][method.py][line:245][INFO] 
Accuracy:16	0	0	0	0	0	0	0	0	Avg Acc: 16.33
[2025-07-25 13:52:20,516][method.py][line:249][INFO] 
Domain-wise accuracy:
[2025-07-25 13:52:20,516][method.py][line:256][INFO] Task 0: P1:16.3% 
[2025-07-25 13:52:22,927][main.py][line:135][INFO] Task 0. Time 37.38
[2025-07-25 13:52:23,346][method.py][line:245][INFO] 
Accuracy:16	0	0	0	0	0	0	0	0	Avg Acc: 16.33
[2025-07-25 13:52:23,346][method.py][line:249][INFO] 
Domain-wise accuracy:
[2025-07-25 13:52:23,346][method.py][line:256][INFO] Task 0: P1:16.3% 
[2025-07-25 13:52:25,756][main.py][line:135][INFO] Task 0. Time 40.20
[2025-07-25 13:52:26,196][method.py][line:245][INFO] 
Accuracy:17	0	0	0	0	0	0	0	0	Avg Acc: 17.00
[2025-07-25 13:52:26,196][method.py][line:249][INFO] 
Domain-wise accuracy:
[2025-07-25 13:52:26,196][method.py][line:256][INFO] Task 0: P1:17.0% 
[2025-07-25 13:52:28,582][main.py][line:135][INFO] Task 0. Time 43.03
[2025-07-25 13:52:28,954][method.py][line:245][INFO] 
Accuracy:16	0	0	0	0	0	0	0	0	Avg Acc: 16.67
[2025-07-25 13:52:28,954][method.py][line:249][INFO] 
Domain-wise accuracy:
[2025-07-25 13:52:28,954][method.py][line:256][INFO] Task 0: P1:16.7% 
[2025-07-25 13:52:31,397][main.py][line:135][INFO] Task 0. Time 45.85
[2025-07-25 13:52:31,829][method.py][line:245][INFO] 
Accuracy:16	0	0	0	0	0	0	0	0	Avg Acc: 16.67
[2025-07-25 13:52:31,830][method.py][line:249][INFO] 
Domain-wise accuracy:
[2025-07-25 13:52:31,830][method.py][line:256][INFO] Task 0: P1:16.7% 
[2025-07-25 13:52:34,223][main.py][line:135][INFO] Task 0. Time 48.67
[2025-07-25 13:52:34,657][method.py][line:245][INFO] 
Accuracy:17	0	0	0	0	0	0	0	0	Avg Acc: 17.33
[2025-07-25 13:52:34,657][method.py][line:249][INFO] 
Domain-wise accuracy:
[2025-07-25 13:52:34,657][method.py][line:256][INFO] Task 0: P1:17.3% 
[2025-07-25 13:52:37,121][main.py][line:135][INFO] Task 0. Time 51.57
[2025-07-25 13:52:37,560][method.py][line:245][INFO] 
Accuracy:17	0	0	0	0	0	0	0	0	Avg Acc: 17.33
[2025-07-25 13:52:37,560][method.py][line:249][INFO] 
Domain-wise accuracy:
[2025-07-25 13:52:37,561][method.py][line:256][INFO] Task 0: P1:17.3% 
[2025-07-25 13:52:39,953][main.py][line:135][INFO] Task 0. Time 54.40
[2025-07-25 13:52:40,411][method.py][line:245][INFO] 
Accuracy:17	0	0	0	0	0	0	0	0	Avg Acc: 17.00
[2025-07-25 13:52:40,412][method.py][line:249][INFO] 
Domain-wise accuracy:
[2025-07-25 13:52:40,412][method.py][line:256][INFO] Task 0: P1:17.0% 
[2025-07-25 13:52:42,620][main.py][line:135][INFO] Task 0. Time 57.07
[2025-07-25 13:52:43,074][method.py][line:245][INFO] 
Accuracy:17	0	0	0	0	0	0	0	0	Avg Acc: 17.00
[2025-07-25 13:52:43,075][method.py][line:249][INFO] 
Domain-wise accuracy:
[2025-07-25 13:52:43,075][method.py][line:256][INFO] Task 0: P1:17.0% 
[2025-07-25 13:52:45,478][main.py][line:135][INFO] Task 0. Time 59.93
[2025-07-25 13:52:45,903][method.py][line:245][INFO] 
Accuracy:17	0	0	0	0	0	0	0	0	Avg Acc: 17.00
[2025-07-25 13:52:45,904][method.py][line:249][INFO] 
Domain-wise accuracy:
[2025-07-25 13:52:45,904][method.py][line:256][INFO] Task 0: P1:17.0% 
[2025-07-25 13:52:48,270][main.py][line:135][INFO] Task 0. Time 62.72
[2025-07-25 13:52:48,691][method.py][line:245][INFO] 
Accuracy:16	0	0	0	0	0	0	0	0	Avg Acc: 16.67
[2025-07-25 13:52:48,692][method.py][line:249][INFO] 
Domain-wise accuracy:
[2025-07-25 13:52:48,692][method.py][line:256][INFO] Task 0: P1:16.7% 
[2025-07-25 13:52:51,076][main.py][line:135][INFO] Task 0. Time 65.52
[2025-07-25 13:52:51,506][method.py][line:245][INFO] 
Accuracy:17	0	0	0	0	0	0	0	0	Avg Acc: 17.00
[2025-07-25 13:52:51,506][method.py][line:249][INFO] 
Domain-wise accuracy:
[2025-07-25 13:52:51,506][method.py][line:256][INFO] Task 0: P1:17.0% 
[2025-07-25 13:52:53,423][main.py][line:135][INFO] Task 0. Time 67.87
[2025-07-25 13:52:53,936][method.py][line:245][INFO] 
Accuracy:17	0	0	0	0	0	0	0	0	Avg Acc: 17.33
[2025-07-25 13:52:53,936][method.py][line:249][INFO] 
Domain-wise accuracy:
[2025-07-25 13:52:53,936][method.py][line:256][INFO] Task 0: P1:17.3% 
[2025-07-25 13:52:56,104][main.py][line:135][INFO] Task 0. Time 70.55
[2025-07-25 13:52:56,524][method.py][line:245][INFO] 
Accuracy:16	0	0	0	0	0	0	0	0	Avg Acc: 16.67
[2025-07-25 13:52:56,524][method.py][line:249][INFO] 
Domain-wise accuracy:
[2025-07-25 13:52:56,524][method.py][line:256][INFO] Task 0: P1:16.7% 
[2025-07-25 13:52:58,931][main.py][line:135][INFO] Task 0. Time 73.38
[2025-07-25 13:52:59,372][method.py][line:245][INFO] 
Accuracy:17	0	0	0	0	0	0	0	0	Avg Acc: 17.00
[2025-07-25 13:52:59,372][method.py][line:249][INFO] 
Domain-wise accuracy:
[2025-07-25 13:52:59,372][method.py][line:256][INFO] Task 0: P1:17.0% 
[2025-07-25 13:53:01,267][main.py][line:135][INFO] Task 0. Time 75.72
[2025-07-25 13:53:01,646][method.py][line:245][INFO] 
Accuracy:17	0	0	0	0	0	0	0	0	Avg Acc: 17.33
[2025-07-25 13:53:01,647][method.py][line:249][INFO] 
Domain-wise accuracy:
[2025-07-25 13:53:01,647][method.py][line:256][INFO] Task 0: P1:17.3% 
[2025-07-25 13:53:04,090][main.py][line:135][INFO] Task 0. Time 78.54
[2025-07-25 13:53:04,508][method.py][line:245][INFO] 
Accuracy:17	0	0	0	0	0	0	0	0	Avg Acc: 17.00
[2025-07-25 13:53:04,509][method.py][line:249][INFO] 
Domain-wise accuracy:
[2025-07-25 13:53:04,509][method.py][line:256][INFO] Task 0: P1:17.0% 
[2025-07-25 13:53:06,542][main.py][line:135][INFO] Task 0. Time 80.99
[2025-07-25 13:53:06,970][method.py][line:245][INFO] 
Accuracy:16	0	0	0	0	0	0	0	0	Avg Acc: 16.67
[2025-07-25 13:53:06,971][method.py][line:249][INFO] 
Domain-wise accuracy:
[2025-07-25 13:53:06,971][method.py][line:256][INFO] Task 0: P1:16.7% 
[2025-07-25 13:53:09,014][main.py][line:135][INFO] Task 0. Time 83.46
[2025-07-25 13:53:09,459][method.py][line:245][INFO] 
Accuracy:16	0	0	0	0	0	0	0	0	Avg Acc: 16.33
[2025-07-25 13:53:09,459][method.py][line:249][INFO] 
Domain-wise accuracy:
[2025-07-25 13:53:09,459][method.py][line:256][INFO] Task 0: P1:16.3% 
[2025-07-25 13:53:11,826][main.py][line:135][INFO] Task 0. Time 86.27
[2025-07-25 13:53:12,283][method.py][line:245][INFO] 
Accuracy:17	0	0	0	0	0	0	0	0	Avg Acc: 17.00
[2025-07-25 13:53:12,283][method.py][line:249][INFO] 
Domain-wise accuracy:
[2025-07-25 13:53:12,283][method.py][line:256][INFO] Task 0: P1:17.0% 
[2025-07-25 13:53:14,668][main.py][line:135][INFO] Task 0. Time 89.12
[2025-07-25 13:53:15,112][method.py][line:245][INFO] 
Accuracy:16	0	0	0	0	0	0	0	0	Avg Acc: 16.67
[2025-07-25 13:53:15,112][method.py][line:249][INFO] 
Domain-wise accuracy:
[2025-07-25 13:53:15,112][method.py][line:256][INFO] Task 0: P1:16.7% 
[2025-07-25 13:53:17,549][main.py][line:135][INFO] Task 0. Time 92.00
[2025-07-25 13:53:17,980][method.py][line:245][INFO] 
Accuracy:16	0	0	0	0	0	0	0	0	Avg Acc: 16.67
[2025-07-25 13:53:17,981][method.py][line:249][INFO] 
Domain-wise accuracy:
[2025-07-25 13:53:17,981][method.py][line:256][INFO] Task 0: P1:16.7% 
[2025-07-25 13:53:20,241][main.py][line:135][INFO] Task 0. Time 94.69
[2025-07-25 13:53:20,697][method.py][line:245][INFO] 
Accuracy:16	0	0	0	0	0	0	0	0	Avg Acc: 16.67
[2025-07-25 13:53:20,697][method.py][line:249][INFO] 
Domain-wise accuracy:
[2025-07-25 13:53:20,698][method.py][line:256][INFO] Task 0: P1:16.7% 
[2025-07-25 13:53:23,084][main.py][line:135][INFO] Task 0. Time 97.53
[2025-07-25 13:53:23,586][method.py][line:245][INFO] 
Accuracy:16	0	0	0	0	0	0	0	0	Avg Acc: 16.67
[2025-07-25 13:53:23,586][method.py][line:249][INFO] 
Domain-wise accuracy:
[2025-07-25 13:53:23,586][method.py][line:256][INFO] Task 0: P1:16.7% 
[2025-07-25 13:53:26,007][main.py][line:135][INFO] Task 0. Time 100.45
[2025-07-25 13:53:26,489][method.py][line:245][INFO] 
Accuracy:16	0	0	0	0	0	0	0	0	Avg Acc: 16.67
[2025-07-25 13:53:26,489][method.py][line:249][INFO] 
Domain-wise accuracy:
[2025-07-25 13:53:26,489][method.py][line:256][INFO] Task 0: P1:16.7% 
[2025-07-25 13:53:28,885][main.py][line:135][INFO] Task 0. Time 103.33
[2025-07-25 13:53:29,330][method.py][line:245][INFO] 
Accuracy:17	0	0	0	0	0	0	0	0	Avg Acc: 17.00
[2025-07-25 13:53:29,331][method.py][line:249][INFO] 
Domain-wise accuracy:
[2025-07-25 13:53:29,331][method.py][line:256][INFO] Task 0: P1:17.0% 
[2025-07-25 13:53:31,727][main.py][line:135][INFO] Task 0. Time 106.17
[2025-07-25 13:53:32,166][method.py][line:245][INFO] 
Accuracy:16	0	0	0	0	0	0	0	0	Avg Acc: 16.33
[2025-07-25 13:53:32,166][method.py][line:249][INFO] 
Domain-wise accuracy:
[2025-07-25 13:53:32,167][method.py][line:256][INFO] Task 0: P1:16.3% 
[2025-07-25 13:53:34,526][main.py][line:135][INFO] Task 0. Time 108.97
[2025-07-25 13:53:34,931][method.py][line:245][INFO] 
Accuracy:16	0	0	0	0	0	0	0	0	Avg Acc: 16.67
[2025-07-25 13:53:34,931][method.py][line:249][INFO] 
Domain-wise accuracy:
[2025-07-25 13:53:34,931][method.py][line:256][INFO] Task 0: P1:16.7% 
[2025-07-25 13:53:37,337][main.py][line:135][INFO] Task 0. Time 111.79
[2025-07-25 13:53:37,770][method.py][line:245][INFO] 
Accuracy:16	0	0	0	0	0	0	0	0	Avg Acc: 16.67
[2025-07-25 13:53:37,770][method.py][line:249][INFO] 
Domain-wise accuracy:
[2025-07-25 13:53:37,770][method.py][line:256][INFO] Task 0: P1:16.7% 
[2025-07-25 13:53:37,783][utils.py][line:88][INFO] End training-0 GPU Memory Allocated: 631.97 MB, Reserved: 670.00 MB, Max Allocated: 631.97 MB, Max Reserved: 670.00 MB
